[0.000000] (-) TimerEvent: {}
[0.000084] (obstacles) JobQueued: {'identifier': 'obstacles', 'dependencies': OrderedDict()}
[0.000107] (robot_trajectory) JobQueued: {'identifier': 'robot_trajectory', 'dependencies': OrderedDict()}
[0.000145] (obstacles) JobStarted: {'identifier': 'obstacles'}
[0.008809] (robot_trajectory) JobStarted: {'identifier': 'robot_trajectory'}
[0.014410] (obstacles) JobProgress: {'identifier': 'obstacles', 'progress': 'cmake'}
[0.014650] (obstacles) Command: {'cmd': ['/usr/bin/cmake', '/home/pau24113/Documents/GitHub/IR2117/tb3_ws/src/obstacles', '-DCMAKE_INSTALL_PREFIX=/home/pau24113/Documents/GitHub/IR2117/tb3_ws/src/install/obstacles'], 'cwd': '/home/pau24113/Documents/GitHub/IR2117/tb3_ws/src/build/obstacles', 'env': OrderedDict([('GJS_DEBUG_TOPICS', 'JS ERROR;JS LOG'), ('LESSOPEN', '| /usr/bin/lesspipe %s'), ('USER', 'pau24113'), ('LC_TIME', 'es_ES.UTF-8'), ('XDG_SESSION_TYPE', 'wayland'), ('SHLVL', '1'), ('LD_LIBRARY_PATH', '/usr/lib/x86_64-linux-gnu/gazebo-11/plugins:/opt/ros/foxy/opt/yaml_cpp_vendor/lib:/opt/ros/foxy/opt/rviz_ogre_vendor/lib:/opt/ros/foxy/lib/x86_64-linux-gnu:/opt/ros/foxy/lib'), ('HOME', '/home/pau24113'), ('OLDPWD', '/home/pau24113/Documents/GitHub/IR2117/tb3_ws'), ('DESKTOP_SESSION', 'ubuntu-wayland'), ('ROS_PYTHON_VERSION', '3'), ('GNOME_SHELL_SESSION_MODE', 'ubuntu'), ('GTK_MODULES', 'gail:atk-bridge'), ('LC_MONETARY', 'es_ES.UTF-8'), ('MANAGERPID', '1545'), ('DBUS_SESSION_BUS_ADDRESS', 'unix:path=/run/user/1000/bus'), ('COLORTERM', 'truecolor'), ('IM_CONFIG_PHASE', '1'), ('WAYLAND_DISPLAY', 'wayland-0'), ('COLCON_PREFIX_PATH', '/home/pau24113/Documents/GitHub/IR2117/tb3_ws/install'), ('ROS_DISTRO', 'foxy'), ('LOGNAME', 'pau24113'), ('JOURNAL_STREAM', '8:50454'), ('_', '/usr/bin/colcon'), ('ROS_VERSION', '2'), ('XDG_SESSION_CLASS', 'user'), ('USERNAME', 'pau24113'), ('TERM', 'xterm-256color'), ('GNOME_DESKTOP_SESSION_ID', 'this-is-deprecated'), ('ROS_LOCALHOST_ONLY', '0'), ('PATH', '/opt/ros/foxy/bin:/home/pau24113/.local/bin:/usr/local/sbin:/usr/local/bin:/usr/sbin:/usr/bin:/sbin:/bin:/usr/games:/usr/local/games:/snap/bin'), ('SESSION_MANAGER', 'local/pau24113:@/tmp/.ICE-unix/1690,unix/pau24113:/tmp/.ICE-unix/1690'), ('INVOCATION_ID', 'e4c254b4455945e793fdbe31f4c8857f'), ('XDG_MENU_PREFIX', 'gnome-'), ('LC_ADDRESS', 'es_ES.UTF-8'), ('GNOME_TERMINAL_SCREEN', '/org/gnome/Terminal/screen/8e10a3f6_0182_497f_85a2_8d6c3cd68716'), ('GNOME_SETUP_DISPLAY', ':1'), ('XDG_RUNTIME_DIR', '/run/user/1000'), ('DISPLAY', ':0'), ('LANG', 'en_US.UTF-8'), ('XDG_CURRENT_DESKTOP', 'ubuntu:GNOME'), ('LC_TELEPHONE', 'es_ES.UTF-8'), ('XMODIFIERS', '@im=ibus'), ('XDG_SESSION_DESKTOP', 'ubuntu-wayland'), ('XAUTHORITY', '/run/user/1000/.mutter-Xwaylandauth.HNOL21'), ('LS_COLORS', 'rs=0:di=01;34:ln=01;36:mh=00:pi=40;33:so=01;35:do=01;35:bd=40;33;01:cd=40;33;01:or=40;31;01:mi=00:su=37;41:sg=30;43:ca=30;41:tw=30;42:ow=34;42:st=37;44:ex=01;32:*.tar=01;31:*.tgz=01;31:*.arc=01;31:*.arj=01;31:*.taz=01;31:*.lha=01;31:*.lz4=01;31:*.lzh=01;31:*.lzma=01;31:*.tlz=01;31:*.txz=01;31:*.tzo=01;31:*.t7z=01;31:*.zip=01;31:*.z=01;31:*.dz=01;31:*.gz=01;31:*.lrz=01;31:*.lz=01;31:*.lzo=01;31:*.xz=01;31:*.zst=01;31:*.tzst=01;31:*.bz2=01;31:*.bz=01;31:*.tbz=01;31:*.tbz2=01;31:*.tz=01;31:*.deb=01;31:*.rpm=01;31:*.jar=01;31:*.war=01;31:*.ear=01;31:*.sar=01;31:*.rar=01;31:*.alz=01;31:*.ace=01;31:*.zoo=01;31:*.cpio=01;31:*.7z=01;31:*.rz=01;31:*.cab=01;31:*.wim=01;31:*.swm=01;31:*.dwm=01;31:*.esd=01;31:*.jpg=01;35:*.jpeg=01;35:*.mjpg=01;35:*.mjpeg=01;35:*.gif=01;35:*.bmp=01;35:*.pbm=01;35:*.pgm=01;35:*.ppm=01;35:*.tga=01;35:*.xbm=01;35:*.xpm=01;35:*.tif=01;35:*.tiff=01;35:*.png=01;35:*.svg=01;35:*.svgz=01;35:*.mng=01;35:*.pcx=01;35:*.mov=01;35:*.mpg=01;35:*.mpeg=01;35:*.m2v=01;35:*.mkv=01;35:*.webm=01;35:*.ogm=01;35:*.mp4=01;35:*.m4v=01;35:*.mp4v=01;35:*.vob=01;35:*.qt=01;35:*.nuv=01;35:*.wmv=01;35:*.asf=01;35:*.rm=01;35:*.rmvb=01;35:*.flc=01;35:*.avi=01;35:*.fli=01;35:*.flv=01;35:*.gl=01;35:*.dl=01;35:*.xcf=01;35:*.xwd=01;35:*.yuv=01;35:*.cgm=01;35:*.emf=01;35:*.ogv=01;35:*.ogx=01;35:*.aac=00;36:*.au=00;36:*.flac=00;36:*.m4a=00;36:*.mid=00;36:*.midi=00;36:*.mka=00;36:*.mp3=00;36:*.mpc=00;36:*.ogg=00;36:*.ra=00;36:*.wav=00;36:*.oga=00;36:*.opus=00;36:*.spx=00;36:*.xspf=00;36:'), ('GNOME_TERMINAL_SERVICE', ':1.124'), ('SSH_AGENT_LAUNCHER', 'gnome-keyring'), ('SSH_AUTH_SOCK', '/run/user/1000/keyring/ssh'), ('ROS_DOMAIN_ID', '77'), ('AMENT_PREFIX_PATH', '/home/pau24113/Documents/GitHub/IR2117/tb3_ws/install/robot_trajectory:/opt/ros/foxy'), ('SHELL', '/bin/bash'), ('LC_NAME', 'es_ES.UTF-8'), ('QT_ACCESSIBILITY', '1'), ('GDMSESSION', 'ubuntu-wayland'), ('LESSCLOSE', '/usr/bin/lesspipe %s %s'), ('LC_MEASUREMENT', 'es_ES.UTF-8'), ('GJS_DEBUG_OUTPUT', 'stderr'), ('LC_IDENTIFICATION', 'es_ES.UTF-8'), ('QT_IM_MODULE', 'ibus'), ('PWD', '/home/pau24113/Documents/GitHub/IR2117/tb3_ws/src/build/obstacles'), ('LC_ALL', 'en_US.UTF-8'), ('XDG_CONFIG_DIRS', '/etc/xdg/xdg-ubuntu-wayland:/etc/xdg'), ('XDG_DATA_DIRS', '/usr/share/ubuntu-wayland:/usr/local/share/:/usr/share/:/var/lib/snapd/desktop'), ('PYTHONPATH', '/opt/ros/foxy/lib/python3.8/site-packages'), ('LC_NUMERIC', 'es_ES.UTF-8'), ('LC_PAPER', 'es_ES.UTF-8'), ('COLCON', '1'), ('VTE_VERSION', '6003'), ('CMAKE_PREFIX_PATH', '/home/pau24113/Documents/GitHub/IR2117/tb3_ws/install/robot_trajectory')]), 'shell': False}
[0.019913] (robot_trajectory) JobProgress: {'identifier': 'robot_trajectory', 'progress': 'cmake'}
[0.020162] (robot_trajectory) Command: {'cmd': ['/usr/bin/cmake', '/home/pau24113/Documents/GitHub/IR2117/tb3_ws/src/robot_trajectory', '-DCMAKE_INSTALL_PREFIX=/home/pau24113/Documents/GitHub/IR2117/tb3_ws/src/install/robot_trajectory'], 'cwd': '/home/pau24113/Documents/GitHub/IR2117/tb3_ws/src/build/robot_trajectory', 'env': OrderedDict([('GJS_DEBUG_TOPICS', 'JS ERROR;JS LOG'), ('LESSOPEN', '| /usr/bin/lesspipe %s'), ('USER', 'pau24113'), ('LC_TIME', 'es_ES.UTF-8'), ('XDG_SESSION_TYPE', 'wayland'), ('SHLVL', '1'), ('LD_LIBRARY_PATH', '/usr/lib/x86_64-linux-gnu/gazebo-11/plugins:/opt/ros/foxy/opt/yaml_cpp_vendor/lib:/opt/ros/foxy/opt/rviz_ogre_vendor/lib:/opt/ros/foxy/lib/x86_64-linux-gnu:/opt/ros/foxy/lib'), ('HOME', '/home/pau24113'), ('OLDPWD', '/home/pau24113/Documents/GitHub/IR2117/tb3_ws'), ('DESKTOP_SESSION', 'ubuntu-wayland'), ('ROS_PYTHON_VERSION', '3'), ('GNOME_SHELL_SESSION_MODE', 'ubuntu'), ('GTK_MODULES', 'gail:atk-bridge'), ('LC_MONETARY', 'es_ES.UTF-8'), ('MANAGERPID', '1545'), ('DBUS_SESSION_BUS_ADDRESS', 'unix:path=/run/user/1000/bus'), ('COLORTERM', 'truecolor'), ('IM_CONFIG_PHASE', '1'), ('WAYLAND_DISPLAY', 'wayland-0'), ('COLCON_PREFIX_PATH', '/home/pau24113/Documents/GitHub/IR2117/tb3_ws/install'), ('ROS_DISTRO', 'foxy'), ('LOGNAME', 'pau24113'), ('JOURNAL_STREAM', '8:50454'), ('_', '/usr/bin/colcon'), ('ROS_VERSION', '2'), ('XDG_SESSION_CLASS', 'user'), ('USERNAME', 'pau24113'), ('TERM', 'xterm-256color'), ('GNOME_DESKTOP_SESSION_ID', 'this-is-deprecated'), ('ROS_LOCALHOST_ONLY', '0'), ('PATH', '/opt/ros/foxy/bin:/home/pau24113/.local/bin:/usr/local/sbin:/usr/local/bin:/usr/sbin:/usr/bin:/sbin:/bin:/usr/games:/usr/local/games:/snap/bin'), ('SESSION_MANAGER', 'local/pau24113:@/tmp/.ICE-unix/1690,unix/pau24113:/tmp/.ICE-unix/1690'), ('INVOCATION_ID', 'e4c254b4455945e793fdbe31f4c8857f'), ('XDG_MENU_PREFIX', 'gnome-'), ('LC_ADDRESS', 'es_ES.UTF-8'), ('GNOME_TERMINAL_SCREEN', '/org/gnome/Terminal/screen/8e10a3f6_0182_497f_85a2_8d6c3cd68716'), ('GNOME_SETUP_DISPLAY', ':1'), ('XDG_RUNTIME_DIR', '/run/user/1000'), ('DISPLAY', ':0'), ('LANG', 'en_US.UTF-8'), ('XDG_CURRENT_DESKTOP', 'ubuntu:GNOME'), ('LC_TELEPHONE', 'es_ES.UTF-8'), ('XMODIFIERS', '@im=ibus'), ('XDG_SESSION_DESKTOP', 'ubuntu-wayland'), ('XAUTHORITY', '/run/user/1000/.mutter-Xwaylandauth.HNOL21'), ('LS_COLORS', 'rs=0:di=01;34:ln=01;36:mh=00:pi=40;33:so=01;35:do=01;35:bd=40;33;01:cd=40;33;01:or=40;31;01:mi=00:su=37;41:sg=30;43:ca=30;41:tw=30;42:ow=34;42:st=37;44:ex=01;32:*.tar=01;31:*.tgz=01;31:*.arc=01;31:*.arj=01;31:*.taz=01;31:*.lha=01;31:*.lz4=01;31:*.lzh=01;31:*.lzma=01;31:*.tlz=01;31:*.txz=01;31:*.tzo=01;31:*.t7z=01;31:*.zip=01;31:*.z=01;31:*.dz=01;31:*.gz=01;31:*.lrz=01;31:*.lz=01;31:*.lzo=01;31:*.xz=01;31:*.zst=01;31:*.tzst=01;31:*.bz2=01;31:*.bz=01;31:*.tbz=01;31:*.tbz2=01;31:*.tz=01;31:*.deb=01;31:*.rpm=01;31:*.jar=01;31:*.war=01;31:*.ear=01;31:*.sar=01;31:*.rar=01;31:*.alz=01;31:*.ace=01;31:*.zoo=01;31:*.cpio=01;31:*.7z=01;31:*.rz=01;31:*.cab=01;31:*.wim=01;31:*.swm=01;31:*.dwm=01;31:*.esd=01;31:*.jpg=01;35:*.jpeg=01;35:*.mjpg=01;35:*.mjpeg=01;35:*.gif=01;35:*.bmp=01;35:*.pbm=01;35:*.pgm=01;35:*.ppm=01;35:*.tga=01;35:*.xbm=01;35:*.xpm=01;35:*.tif=01;35:*.tiff=01;35:*.png=01;35:*.svg=01;35:*.svgz=01;35:*.mng=01;35:*.pcx=01;35:*.mov=01;35:*.mpg=01;35:*.mpeg=01;35:*.m2v=01;35:*.mkv=01;35:*.webm=01;35:*.ogm=01;35:*.mp4=01;35:*.m4v=01;35:*.mp4v=01;35:*.vob=01;35:*.qt=01;35:*.nuv=01;35:*.wmv=01;35:*.asf=01;35:*.rm=01;35:*.rmvb=01;35:*.flc=01;35:*.avi=01;35:*.fli=01;35:*.flv=01;35:*.gl=01;35:*.dl=01;35:*.xcf=01;35:*.xwd=01;35:*.yuv=01;35:*.cgm=01;35:*.emf=01;35:*.ogv=01;35:*.ogx=01;35:*.aac=00;36:*.au=00;36:*.flac=00;36:*.m4a=00;36:*.mid=00;36:*.midi=00;36:*.mka=00;36:*.mp3=00;36:*.mpc=00;36:*.ogg=00;36:*.ra=00;36:*.wav=00;36:*.oga=00;36:*.opus=00;36:*.spx=00;36:*.xspf=00;36:'), ('GNOME_TERMINAL_SERVICE', ':1.124'), ('SSH_AGENT_LAUNCHER', 'gnome-keyring'), ('SSH_AUTH_SOCK', '/run/user/1000/keyring/ssh'), ('ROS_DOMAIN_ID', '77'), ('AMENT_PREFIX_PATH', '/home/pau24113/Documents/GitHub/IR2117/tb3_ws/install/robot_trajectory:/opt/ros/foxy'), ('SHELL', '/bin/bash'), ('LC_NAME', 'es_ES.UTF-8'), ('QT_ACCESSIBILITY', '1'), ('GDMSESSION', 'ubuntu-wayland'), ('LESSCLOSE', '/usr/bin/lesspipe %s %s'), ('LC_MEASUREMENT', 'es_ES.UTF-8'), ('GJS_DEBUG_OUTPUT', 'stderr'), ('LC_IDENTIFICATION', 'es_ES.UTF-8'), ('QT_IM_MODULE', 'ibus'), ('PWD', '/home/pau24113/Documents/GitHub/IR2117/tb3_ws/src/build/robot_trajectory'), ('LC_ALL', 'en_US.UTF-8'), ('XDG_CONFIG_DIRS', '/etc/xdg/xdg-ubuntu-wayland:/etc/xdg'), ('XDG_DATA_DIRS', '/usr/share/ubuntu-wayland:/usr/local/share/:/usr/share/:/var/lib/snapd/desktop'), ('PYTHONPATH', '/opt/ros/foxy/lib/python3.8/site-packages'), ('LC_NUMERIC', 'es_ES.UTF-8'), ('LC_PAPER', 'es_ES.UTF-8'), ('COLCON', '1'), ('VTE_VERSION', '6003'), ('CMAKE_PREFIX_PATH', '/home/pau24113/Documents/GitHub/IR2117/tb3_ws/install/robot_trajectory:/opt/ros/foxy')]), 'shell': False}
[0.099717] (-) TimerEvent: {}
[0.120722] (obstacles) StdoutLine: {'line': b'-- The C compiler identification is GNU 9.4.0\n'}
[0.120879] (robot_trajectory) StdoutLine: {'line': b'-- The C compiler identification is GNU 9.4.0\n'}
[0.162431] (obstacles) StdoutLine: {'line': b'-- The CXX compiler identification is GNU 9.4.0\n'}
[0.162582] (robot_trajectory) StdoutLine: {'line': b'-- The CXX compiler identification is GNU 9.4.0\n'}
[0.168260] (obstacles) StdoutLine: {'line': b'-- Check for working C compiler: /usr/bin/cc\n'}
[0.168365] (robot_trajectory) StdoutLine: {'line': b'-- Check for working C compiler: /usr/bin/cc\n'}
[0.199795] (-) TimerEvent: {}
[0.216863] (robot_trajectory) StdoutLine: {'line': b'-- Check for working C compiler: /usr/bin/cc -- works\n'}
[0.216990] (obstacles) StdoutLine: {'line': b'-- Check for working C compiler: /usr/bin/cc -- works\n'}
[0.218200] (obstacles) StdoutLine: {'line': b'-- Detecting C compiler ABI info\n'}
[0.218363] (robot_trajectory) StdoutLine: {'line': b'-- Detecting C compiler ABI info\n'}
[0.269395] (robot_trajectory) StdoutLine: {'line': b'-- Detecting C compiler ABI info - done\n'}
[0.269527] (obstacles) StdoutLine: {'line': b'-- Detecting C compiler ABI info - done\n'}
[0.285764] (robot_trajectory) StdoutLine: {'line': b'-- Detecting C compile features\n'}
[0.285950] (obstacles) StdoutLine: {'line': b'-- Detecting C compile features\n'}
[0.286536] (obstacles) StdoutLine: {'line': b'-- Detecting C compile features - done\n'}
[0.286613] (robot_trajectory) StdoutLine: {'line': b'-- Detecting C compile features - done\n'}
[0.290024] (obstacles) StdoutLine: {'line': b'-- Check for working CXX compiler: /usr/bin/c++\n'}
[0.290102] (robot_trajectory) StdoutLine: {'line': b'-- Check for working CXX compiler: /usr/bin/c++\n'}
[0.299857] (-) TimerEvent: {}
[0.349453] (obstacles) StdoutLine: {'line': b'-- Check for working CXX compiler: /usr/bin/c++ -- works\n'}
[0.349583] (robot_trajectory) StdoutLine: {'line': b'-- Check for working CXX compiler: /usr/bin/c++ -- works\n'}
[0.350609] (obstacles) StdoutLine: {'line': b'-- Detecting CXX compiler ABI info\n'}
[0.350713] (robot_trajectory) StdoutLine: {'line': b'-- Detecting CXX compiler ABI info\n'}
[0.399979] (-) TimerEvent: {}
[0.411597] (obstacles) StdoutLine: {'line': b'-- Detecting CXX compiler ABI info - done\n'}
[0.411763] (robot_trajectory) StdoutLine: {'line': b'-- Detecting CXX compiler ABI info - done\n'}
[0.421009] (robot_trajectory) StdoutLine: {'line': b'-- Detecting CXX compile features\n'}
[0.421131] (obstacles) StdoutLine: {'line': b'-- Detecting CXX compile features\n'}
[0.421543] (robot_trajectory) StdoutLine: {'line': b'-- Detecting CXX compile features - done\n'}
[0.421750] (obstacles) StdoutLine: {'line': b'-- Detecting CXX compile features - done\n'}
[0.424860] (obstacles) StdoutLine: {'line': b'-- Found ament_cmake: 0.9.11 (/opt/ros/foxy/share/ament_cmake/cmake)\n'}
[0.425100] (robot_trajectory) StdoutLine: {'line': b'-- Found ament_cmake: 0.9.11 (/opt/ros/foxy/share/ament_cmake/cmake)\n'}
[0.444949] (obstacles) StdoutLine: {'line': b'-- Found PythonInterp: /usr/bin/python3 (found suitable version "3.8.10", minimum required is "3") \n'}
[0.445089] (robot_trajectory) StdoutLine: {'line': b'-- Found PythonInterp: /usr/bin/python3 (found suitable version "3.8.10", minimum required is "3") \n'}
[0.445153] (obstacles) StdoutLine: {'line': b'-- Using PYTHON_EXECUTABLE: /usr/bin/python3\n'}
[0.445205] (robot_trajectory) StdoutLine: {'line': b'-- Using PYTHON_EXECUTABLE: /usr/bin/python3\n'}
[0.500053] (-) TimerEvent: {}
[0.600279] (-) TimerEvent: {}
[0.617900] (robot_trajectory) StdoutLine: {'line': b'-- Found rclcpp: 2.4.2 (/opt/ros/foxy/share/rclcpp/cmake)\n'}
[0.618081] (obstacles) StdoutLine: {'line': b'-- Found rclcpp: 2.4.2 (/opt/ros/foxy/share/rclcpp/cmake)\n'}
[0.659030] (robot_trajectory) StdoutLine: {'line': b'-- Using all available rosidl_typesupport_c: rosidl_typesupport_fastrtps_c;rosidl_typesupport_introspection_c\n'}
[0.659185] (obstacles) StdoutLine: {'line': b'-- Using all available rosidl_typesupport_c: rosidl_typesupport_fastrtps_c;rosidl_typesupport_introspection_c\n'}
[0.666236] (obstacles) StdoutLine: {'line': b'-- Found rosidl_adapter: 1.3.0 (/opt/ros/foxy/share/rosidl_adapter/cmake)\n'}
[0.666361] (robot_trajectory) StdoutLine: {'line': b'-- Found rosidl_adapter: 1.3.0 (/opt/ros/foxy/share/rosidl_adapter/cmake)\n'}
[0.700421] (-) TimerEvent: {}
[0.727095] (obstacles) StdoutLine: {'line': b'-- Found OpenSSL: /usr/lib/x86_64-linux-gnu/libcrypto.so (found version "1.1.1f")  \n'}
[0.727225] (robot_trajectory) StdoutLine: {'line': b'-- Found OpenSSL: /usr/lib/x86_64-linux-gnu/libcrypto.so (found version "1.1.1f")  \n'}
[0.750524] (robot_trajectory) StdoutLine: {'line': b'-- Found FastRTPS: /opt/ros/foxy/include  \n'}
[0.750902] (obstacles) StdoutLine: {'line': b'-- Found FastRTPS: /opt/ros/foxy/include  \n'}
[0.800476] (-) TimerEvent: {}
[0.816914] (obstacles) StdoutLine: {'line': b'-- Using all available rosidl_typesupport_cpp: rosidl_typesupport_fastrtps_cpp;rosidl_typesupport_introspection_cpp\n'}
[0.817048] (robot_trajectory) StdoutLine: {'line': b'-- Using all available rosidl_typesupport_cpp: rosidl_typesupport_fastrtps_cpp;rosidl_typesupport_introspection_cpp\n'}
[0.869984] (obstacles) StdoutLine: {'line': b'-- Found rmw_implementation_cmake: 1.0.3 (/opt/ros/foxy/share/rmw_implementation_cmake/cmake)\n'}
[0.870137] (robot_trajectory) StdoutLine: {'line': b'-- Found rmw_implementation_cmake: 1.0.3 (/opt/ros/foxy/share/rmw_implementation_cmake/cmake)\n'}
[0.871494] (obstacles) StdoutLine: {'line': b"-- Using RMW implementation 'rmw_fastrtps_cpp' as default\n"}
[0.871597] (robot_trajectory) StdoutLine: {'line': b"-- Using RMW implementation 'rmw_fastrtps_cpp' as default\n"}
[0.872852] (obstacles) StdoutLine: {'line': b'-- Looking for pthread.h\n'}
[0.872953] (robot_trajectory) StdoutLine: {'line': b'-- Looking for pthread.h\n'}
[0.900582] (-) TimerEvent: {}
[0.923656] (robot_trajectory) StdoutLine: {'line': b'-- Looking for pthread.h - found\n'}
[0.923829] (obstacles) StdoutLine: {'line': b'-- Looking for pthread.h - found\n'}
[0.923908] (robot_trajectory) StdoutLine: {'line': b'-- Performing Test CMAKE_HAVE_LIBC_PTHREAD\n'}
[0.923962] (obstacles) StdoutLine: {'line': b'-- Performing Test CMAKE_HAVE_LIBC_PTHREAD\n'}
[0.978795] (obstacles) StdoutLine: {'line': b'-- Performing Test CMAKE_HAVE_LIBC_PTHREAD - Failed\n'}
[0.978982] (robot_trajectory) StdoutLine: {'line': b'-- Performing Test CMAKE_HAVE_LIBC_PTHREAD - Failed\n'}
[0.979047] (obstacles) StdoutLine: {'line': b'-- Looking for pthread_create in pthreads\n'}
[0.979099] (robot_trajectory) StdoutLine: {'line': b'-- Looking for pthread_create in pthreads\n'}
[1.000706] (-) TimerEvent: {}
[1.023153] (obstacles) StdoutLine: {'line': b'-- Looking for pthread_create in pthreads - not found\n'}
[1.023334] (robot_trajectory) StdoutLine: {'line': b'-- Looking for pthread_create in pthreads - not found\n'}
[1.023399] (obstacles) StdoutLine: {'line': b'-- Looking for pthread_create in pthread\n'}
[1.023451] (robot_trajectory) StdoutLine: {'line': b'-- Looking for pthread_create in pthread\n'}
[1.072479] (robot_trajectory) StdoutLine: {'line': b'-- Looking for pthread_create in pthread - found\n'}
[1.072613] (obstacles) StdoutLine: {'line': b'-- Looking for pthread_create in pthread - found\n'}
[1.073217] (robot_trajectory) StdoutLine: {'line': b'-- Found Threads: TRUE  \n'}
[1.073391] (obstacles) StdoutLine: {'line': b'-- Found Threads: TRUE  \n'}
[1.100771] (-) TimerEvent: {}
[1.201002] (-) TimerEvent: {}
[1.208696] (obstacles) StdoutLine: {'line': b'-- Found sensor_msgs: 2.0.5 (/opt/ros/foxy/share/sensor_msgs/cmake)\n'}
[1.208944] (robot_trajectory) StdoutLine: {'line': b'-- Found geometry_msgs: 2.0.5 (/opt/ros/foxy/share/geometry_msgs/cmake)\n'}
[1.241441] (robot_trajectory) StdoutLine: {'line': b'-- Found nav_msgs: 2.0.5 (/opt/ros/foxy/share/nav_msgs/cmake)\n'}
[1.301149] (-) TimerEvent: {}
[1.306843] (robot_trajectory) StdoutLine: {'line': b'-- Found sensor_msgs: 2.0.5 (/opt/ros/foxy/share/sensor_msgs/cmake)\n'}
[1.310880] (obstacles) StderrLine: {'line': b'CMake Error at CMakeLists.txt:22 (find_package):\n'}
[1.310979] (obstacles) StderrLine: {'line': b'  find_package called with invalid argument "interfaces"\n'}
[1.311035] (obstacles) StderrLine: {'line': b'\n'}
[1.311086] (obstacles) StderrLine: {'line': b'\n'}
[1.312112] (obstacles) StdoutLine: {'line': b'-- Found ament_lint_auto: 0.9.7 (/opt/ros/foxy/share/ament_lint_auto/cmake)\n'}
[1.350766] (obstacles) StderrLine: {'line': b"Error parsing '/home/pau24113/Documents/GitHub/IR2117/tb3_ws/src/obstacles/package.xml':\n"}
[1.372586] (robot_trajectory) StdoutLine: {'line': b'-- Found ament_lint_auto: 0.9.7 (/opt/ros/foxy/share/ament_lint_auto/cmake)\n'}
[1.401303] (-) TimerEvent: {}
[1.434547] (robot_trajectory) StdoutLine: {'line': b"-- Added test 'copyright' to check source files copyright and LICENSE\n"}
[1.436281] (robot_trajectory) StdoutLine: {'line': b"-- Added test 'cppcheck' to perform static code analysis on C / C++ code\n"}
[1.436508] (robot_trajectory) StdoutLine: {'line': b'-- Configured cppcheck include dirs: \n'}
[1.436580] (robot_trajectory) StdoutLine: {'line': b'-- Configured cppcheck exclude dirs and/or files: \n'}
[1.438111] (robot_trajectory) StdoutLine: {'line': b"-- Added test 'cpplint' to check C / C++ code against the Google style\n"}
[1.438279] (robot_trajectory) StdoutLine: {'line': b'-- Configured cpplint exclude dirs and/or files: \n'}
[1.438999] (robot_trajectory) StdoutLine: {'line': b"-- Added test 'flake8' to check Python code syntax and style conventions\n"}
[1.439792] (robot_trajectory) StdoutLine: {'line': b"-- Added test 'lint_cmake' to check CMake code style\n"}
[1.440428] (robot_trajectory) StdoutLine: {'line': b"-- Added test 'pep257' to check Python code against some of the style conventions in PEP 257\n"}
[1.441969] (robot_trajectory) StdoutLine: {'line': b"-- Added test 'uncrustify' to check C / C++ code style\n"}
[1.442118] (robot_trajectory) StdoutLine: {'line': b'-- Configured uncrustify additional arguments: \n'}
[1.442789] (robot_trajectory) StdoutLine: {'line': b"-- Added test 'xmllint' to check XML markup files\n"}
[1.444316] (obstacles) StderrLine: {'line': b'Traceback (most recent call last):\n'}
[1.444402] (obstacles) StderrLine: {'line': b'  File "/usr/lib/python3/dist-packages/catkin_pkg/package.py", line 610, in parse_package_string\n'}
[1.444457] (obstacles) StderrLine: {'line': b'    root = dom.parseString(data)\n'}
[1.444508] (obstacles) StderrLine: {'line': b'  File "/usr/lib/python3.8/xml/dom/minidom.py", line 1969, in parseString\n'}
[1.444559] (obstacles) StderrLine: {'line': b'    return expatbuilder.parseString(string)\n'}
[1.444607] (obstacles) StderrLine: {'line': b'  File "/usr/lib/python3.8/xml/dom/expatbuilder.py", line 925, in parseString\n'}
[1.444655] (obstacles) StderrLine: {'line': b'    return builder.parseString(string)\n'}
[1.444702] (obstacles) StderrLine: {'line': b'  File "/usr/lib/python3.8/xml/dom/expatbuilder.py", line 223, in parseString\n'}
[1.444748] (obstacles) StderrLine: {'line': b'    parser.Parse(string, True)\n'}
[1.444794] (obstacles) StderrLine: {'line': b'xml.parsers.expat.ExpatError: mismatched tag: line 18, column 36\n'}
[1.444847] (obstacles) StderrLine: {'line': b'\n'}
[1.444895] (obstacles) StderrLine: {'line': b'During handling of the above exception, another exception occurred:\n'}
[1.444944] (obstacles) StderrLine: {'line': b'\n'}
[1.444992] (obstacles) StderrLine: {'line': b'Traceback (most recent call last):\n'}
[1.445039] (obstacles) StderrLine: {'line': b'  File "/opt/ros/foxy/share/ament_cmake_core/cmake/core/package_xml_2_cmake.py", line 143, in <module>\n'}
[1.445093] (obstacles) StderrLine: {'line': b'    main()\n'}
[1.445142] (obstacles) StderrLine: {'line': b'  File "/opt/ros/foxy/share/ament_cmake_core/cmake/core/package_xml_2_cmake.py", line 52, in main\n'}
[1.445190] (obstacles) StderrLine: {'line': b'    raise e\n'}
[1.445238] (obstacles) StderrLine: {'line': b'  File "/opt/ros/foxy/share/ament_cmake_core/cmake/core/package_xml_2_cmake.py", line 48, in main\n'}
[1.445336] (obstacles) StderrLine: {'line': b'    package = parse_package_string(\n'}
[1.445391] (obstacles) StderrLine: {'line': b'  File "/usr/lib/python3/dist-packages/catkin_pkg/package.py", line 612, in parse_package_string\n'}
[1.445519] (obstacles) StderrLine: {'line': b"    raise InvalidPackage('The manifest contains invalid XML:\\n%s' % ex, filename)\n"}
[1.445593] (obstacles) StderrLine: {'line': b"catkin_pkg.package.InvalidPackage: Error(s) in package '/home/pau24113/Documents/GitHub/IR2117/tb3_ws/src/obstacles/package.xml':\n"}
[1.445650] (obstacles) StderrLine: {'line': b'The manifest contains invalid XML:\n'}
[1.445701] (obstacles) StderrLine: {'line': b'mismatched tag: line 18, column 36\n'}
[1.445750] (robot_trajectory) StdoutLine: {'line': b'-- Configuring done\n'}
[1.457923] (obstacles) StderrLine: {'line': b'CMake Error at /opt/ros/foxy/share/ament_cmake_core/cmake/core/ament_package_xml.cmake:94 (message):\n'}
[1.458092] (obstacles) StderrLine: {'line': b'  execute_process(/usr/bin/python3\n'}
[1.458181] (obstacles) StderrLine: {'line': b'  /opt/ros/foxy/share/ament_cmake_core/cmake/core/package_xml_2_cmake.py\n'}
[1.458259] (obstacles) StderrLine: {'line': b'  /home/pau24113/Documents/GitHub/IR2117/tb3_ws/src/obstacles/package.xml\n'}
[1.458334] (obstacles) StderrLine: {'line': b'  /home/pau24113/Documents/GitHub/IR2117/tb3_ws/src/build/obstacles/ament_cmake_core/package.cmake)\n'}
[1.458408] (obstacles) StderrLine: {'line': b'  returned error code 1\n'}
[1.458481] (obstacles) StderrLine: {'line': b'Call Stack (most recent call first):\n'}
[1.458552] (obstacles) StderrLine: {'line': b'  /opt/ros/foxy/share/ament_cmake_core/cmake/core/ament_package_xml.cmake:49 (_ament_package_xml)\n'}
[1.458631] (obstacles) StderrLine: {'line': b'  /opt/ros/foxy/share/ament_lint_auto/cmake/ament_lint_auto_find_test_dependencies.cmake:31 (ament_package_xml)\n'}
[1.458704] (obstacles) StderrLine: {'line': b'  CMakeLists.txt:35 (ament_lint_auto_find_test_dependencies)\n'}
[1.458782] (obstacles) StderrLine: {'line': b'\n'}
[1.458854] (obstacles) StderrLine: {'line': b'\n'}
[1.459165] (robot_trajectory) StdoutLine: {'line': b'-- Generating done\n'}
[1.459410] (obstacles) StdoutLine: {'line': b'-- Configuring incomplete, errors occurred!\n'}
[1.459506] (obstacles) StdoutLine: {'line': b'See also "/home/pau24113/Documents/GitHub/IR2117/tb3_ws/src/build/obstacles/CMakeFiles/CMakeOutput.log".\n'}
[1.459591] (obstacles) StdoutLine: {'line': b'See also "/home/pau24113/Documents/GitHub/IR2117/tb3_ws/src/build/obstacles/CMakeFiles/CMakeError.log".\n'}
[1.460378] (robot_trajectory) StdoutLine: {'line': b'-- Build files have been written to: /home/pau24113/Documents/GitHub/IR2117/tb3_ws/src/build/robot_trajectory\n'}
[1.465793] (obstacles) CommandEnded: {'returncode': 1}
[1.466453] (obstacles) JobEnded: {'identifier': 'obstacles', 'rc': 1}
[1.467375] (robot_trajectory) JobEnded: {'identifier': 'robot_trajectory', 'rc': 'SIGINT'}
[1.477922] (-) EventReactorShutdown: {}
